// Jest Snapshot v1, https://goo.gl/fbAQLP

exports[`pages/login renders correctly 1`] = `
<div>
  <section
    class="rounded bg-white my-8 p-4 max-w-screen-sm mx-auto"
    data-testid="section"
  >
    <h3
      class="text-lg"
      data-testid="title"
    >
      ログイン
    </h3>
    <form
      name="login"
    >
      <div
        class="flex flex-col my-4 untouched pristine"
        data-testid="input-メールアドレス"
      >
        <label
          class="text-sm font-bold py-2"
          data-testid="label"
          for="input-0"
        >
          メールアドレス
        </label>
        <input
          class="border-b focus_border-blue-400 focus_outline-none transition-colors duration-300 bg-white p-2"
          data-testid="input"
          id="input-0"
          name="メールアドレス"
          type="email"
        />
        <div
          class="flex flex-col md_flex-row flex-col-reverse justify-between text-sm"
        >
          <div
            data-testid="errors"
          />
          <!---->
        </div>
      </div>
      <div
        class="flex flex-col my-4 untouched pristine"
        data-testid="input-パスワード"
      >
        <label
          class="text-sm font-bold py-2"
          data-testid="label"
          for="input-1"
        >
          パスワード
        </label>
        <input
          class="border-b focus_border-blue-400 focus_outline-none transition-colors duration-300 bg-white p-2"
          data-testid="input"
          id="input-1"
          name="パスワード"
          type="password"
        />
        <div
          class="flex flex-col md_flex-row flex-col-reverse justify-between text-sm"
        >
          <div
            data-testid="errors"
          />
          <!---->
        </div>
      </div>
      <div
        class="text-center"
      >
        <button
          class="inline-flex items-center justify-center whitespace-no-wrap transition-colors duration-300 disabled_opacity-75 disabled_pointer-events-none focus_outline-none bg-blue-600 text-white hover_bg-blue-700 px-3 py-2 rounded"
          data-testid="button"
          type="submit"
        >
          <div>
            <fontawesomeicon-stub
              class="fa-fw mr-2"
              data-testid="icon"
              icon="[object Object]"
            />
          </div>
          <div
            class=""
            data-testid="text"
          >
            ログイン
          </div>
        </button>
      </div>
    </form>
  </section>
</div>
`;
