// Jest Snapshot v1, https://goo.gl/fbAQLP

exports[`pages/posts/new renders correctly 1`] = `
<div>
  <appformpost-stub />
</div>
`;
