// Jest Snapshot v1, https://goo.gl/fbAQLP

exports[`components/molecules/AppPagination renders correctly 1`] = `
<div>
  <div
    class="flex"
  >
    <button
      class="inline-flex items-center justify-center whitespace-no-wrap transition-colors duration-300 disabled_opacity-75 disabled_pointer-events-none focus_outline-none mx-2 bg-white text-gray-600 hover_bg-gray-300 hover_text-gray-800 px-3 py-2 square-md rounded"
      data-testid="page-first"
      type="button"
    >
      <div>
        <fontawesomeicon-stub
          class="fa-fw"
          data-testid="icon"
          icon="[object Object]"
        />
      </div>
      <div
        class=""
        data-testid="text"
      />
    </button>
    <div
      class="mx-1"
      data-testid="left-ellipsis"
    >
      …
    </div>
    <button
      class="inline-flex items-center justify-center whitespace-no-wrap transition-colors duration-300 disabled_opacity-75 disabled_pointer-events-none focus_outline-none mx-2 bg-white text-gray-600 hover_bg-gray-300 hover_text-gray-800 px-3 py-2 square-md rounded"
      data-testid="page-3"
      type="button"
    >
      <!---->
      <div
        class=""
        data-testid="text"
      >
        3
      </div>
    </button>
    <button
      class="inline-flex items-center justify-center whitespace-no-wrap transition-colors duration-300 disabled_opacity-75 disabled_pointer-events-none focus_outline-none mx-2 bg-white text-gray-600 hover_bg-gray-300 hover_text-gray-800 px-3 py-2 square-md rounded"
      data-testid="page-4"
      type="button"
    >
      <!---->
      <div
        class=""
        data-testid="text"
      >
        4
      </div>
    </button>
    <button
      class="inline-flex items-center justify-center whitespace-no-wrap transition-colors duration-300 disabled_opacity-75 disabled_pointer-events-none focus_outline-none mx-2 bg-blue-600 text-white hover_bg-blue-700 px-3 py-2 square-md rounded"
      data-testid="page-5"
      type="button"
    >
      <!---->
      <div
        class=""
        data-testid="text"
      >
        5
      </div>
    </button>
    <button
      class="inline-flex items-center justify-center whitespace-no-wrap transition-colors duration-300 disabled_opacity-75 disabled_pointer-events-none focus_outline-none mx-2 bg-white text-gray-600 hover_bg-gray-300 hover_text-gray-800 px-3 py-2 square-md rounded"
      data-testid="page-6"
      type="button"
    >
      <!---->
      <div
        class=""
        data-testid="text"
      >
        6
      </div>
    </button>
    <button
      class="inline-flex items-center justify-center whitespace-no-wrap transition-colors duration-300 disabled_opacity-75 disabled_pointer-events-none focus_outline-none mx-2 bg-white text-gray-600 hover_bg-gray-300 hover_text-gray-800 px-3 py-2 square-md rounded"
      data-testid="page-7"
      type="button"
    >
      <!---->
      <div
        class=""
        data-testid="text"
      >
        7
      </div>
    </button>
    <div
      class="mx-1"
      data-testid="right-ellipsis"
    >
      …
    </div>
    <button
      class="inline-flex items-center justify-center whitespace-no-wrap transition-colors duration-300 disabled_opacity-75 disabled_pointer-events-none focus_outline-none mx-2 bg-white text-gray-600 hover_bg-gray-300 hover_text-gray-800 px-3 py-2 square-md rounded"
      data-testid="page-last"
      type="button"
    >
      <div>
        <fontawesomeicon-stub
          class="fa-fw"
          data-testid="icon"
          icon="[object Object]"
        />
      </div>
      <div
        class=""
        data-testid="text"
      />
    </button>
  </div>
</div>
`;
